
Memory Configuration

Name             Origin             Length             Attributes
flash            0x0000000008000000 0x0000000000020000 xr
sram             0x0000000020000000 0x0000000000005000 xrw
*default*        0x0000000000000000 0xffffffffffffffff

Linker script and memory map


.text           0x0000000008000000      0x138
 *(.vectors*)
 .vectors       0x0000000008000000       0x2c startup.o
                0x0000000008000000                vectors
 *(.text*)
 .text          0x000000000800002c       0x7c app.o
                0x000000000800002c                main
 .text          0x00000000080000a8       0x90 startup.o
                0x00000000080000a8                DebugMon_Handler
                0x00000000080000a8                HardFault_Handler
                0x00000000080000a8                SysTick_Handler
                0x00000000080000a8                PendSV_Handler
                0x00000000080000a8                NMI_Handler
                0x00000000080000a8                UsageFault_Handler
                0x00000000080000a8                SVC_Handler
                0x00000000080000a8                Default_Handler
                0x00000000080000a8                MemManage_Handler
                0x00000000080000a8                BusFault_Handler
                0x00000000080000b4                Reset_Handler
 *(.rodata*)
                0x0000000008000138                _E_text = .

.glue_7         0x0000000008000138        0x0
 .glue_7        0x0000000008000138        0x0 linker stubs

.glue_7t        0x0000000008000138        0x0
 .glue_7t       0x0000000008000138        0x0 linker stubs

.vfp11_veneer   0x0000000008000138        0x0
 .vfp11_veneer  0x0000000008000138        0x0 linker stubs

.v4_bx          0x0000000008000138        0x0
 .v4_bx         0x0000000008000138        0x0 linker stubs

.iplt           0x0000000008000138        0x0
 .iplt          0x0000000008000138        0x0 app.o

.rel.dyn        0x0000000008000138        0x0
 .rel.iplt      0x0000000008000138        0x0 app.o

.data           0x0000000020000000        0x4 load address 0x0000000008000138
                0x0000000020000000                _S_DATA = .
 *(.data*)
 .data          0x0000000020000000        0x4 app.o
                0x0000000020000000                R_ODR
 .data          0x0000000020000004        0x0 startup.o
                0x0000000020000004                . = ALIGN (0x4)
                0x0000000020000004                _E_DATA = .

.igot.plt       0x0000000020000004        0x0 load address 0x000000000800013c
 .igot.plt      0x0000000020000004        0x0 app.o

.bss            0x0000000020000004     0x1000 load address 0x000000000800013c
                0x0000000020000004                _S_BSS = .
 *(.bss*)
 .bss           0x0000000020000004        0x0 app.o
 .bss           0x0000000020000004        0x0 startup.o
                0x0000000020000004                . = ALIGN (0x4)
                0x0000000020000004                _E_BSS = .
                0x0000000020000004                . = ALIGN (0x4)
                0x0000000020001004                . = (. + 0x1000)
 *fill*         0x0000000020000004     0x1000 
                0x0000000020001004                _stack_top = .
LOAD app.o
LOAD startup.o
OUTPUT(learn-in-depth-stm.elf elf32-littlearm)

.debug_info     0x0000000000000000      0x2e0
 .debug_info    0x0000000000000000      0x14f app.o
 .debug_info    0x000000000000014f      0x191 startup.o

.debug_abbrev   0x0000000000000000      0x1b6
 .debug_abbrev  0x0000000000000000       0xde app.o
 .debug_abbrev  0x00000000000000de       0xd8 startup.o

.debug_loc      0x0000000000000000       0xb4
 .debug_loc     0x0000000000000000       0x38 app.o
 .debug_loc     0x0000000000000038       0x7c startup.o

.debug_aranges  0x0000000000000000       0x40
 .debug_aranges
                0x0000000000000000       0x20 app.o
 .debug_aranges
                0x0000000000000020       0x20 startup.o

.debug_line     0x0000000000000000      0x3d4
 .debug_line    0x0000000000000000      0x1e0 app.o
 .debug_line    0x00000000000001e0      0x1f4 startup.o

.debug_str      0x0000000000000000      0x1c1
 .debug_str     0x0000000000000000      0x141 app.o
                                        0x17e (size before relaxing)
 .debug_str     0x0000000000000141       0x80 startup.o
                                        0x1c2 (size before relaxing)

.comment        0x0000000000000000       0x7b
 .comment       0x0000000000000000       0x7b app.o
                                         0x7c (size before relaxing)
 .comment       0x000000000000007b       0x7c startup.o

.ARM.attributes
                0x0000000000000000       0x33
 .ARM.attributes
                0x0000000000000000       0x33 app.o
 .ARM.attributes
                0x0000000000000033       0x33 startup.o

.debug_frame    0x0000000000000000       0x7c
 .debug_frame   0x0000000000000000       0x2c app.o
 .debug_frame   0x000000000000002c       0x50 startup.o
