
Memory Configuration

Name             Origin             Length             Attributes
flash            0x0000000008000000 0x0000000000020000 xr
sram             0x0000000020000000 0x0000000000005000 xrw
*default*        0x0000000000000000 0xffffffffffffffff

Linker script and memory map


.text           0x0000000008000000       0xb0
 *(.vectors*)
 .vectors       0x0000000008000000       0x2c startup.o
 *(.text*)
 .text          0x000000000800002c       0x7c app.o
                0x000000000800002c                main
 .text          0x00000000080000a8        0x8 startup.o
 *(.rodata*)

.glue_7         0x00000000080000b0        0x0
 .glue_7        0x00000000080000b0        0x0 linker stubs

.glue_7t        0x00000000080000b0        0x0
 .glue_7t       0x00000000080000b0        0x0 linker stubs

.vfp11_veneer   0x00000000080000b0        0x0
 .vfp11_veneer  0x00000000080000b0        0x0 linker stubs

.v4_bx          0x00000000080000b0        0x0
 .v4_bx         0x00000000080000b0        0x0 linker stubs

.iplt           0x00000000080000b0        0x0
 .iplt          0x00000000080000b0        0x0 app.o

.rel.dyn        0x00000000080000b0        0x0
 .rel.iplt      0x00000000080000b0        0x0 app.o

.data           0x00000000080000b0        0x4
 *(.data*)
 .data          0x00000000080000b0        0x4 app.o
                0x00000000080000b0                R_ODR
 .data          0x00000000080000b4        0x0 startup.o

.igot.plt       0x00000000080000b4        0x0
 .igot.plt      0x00000000080000b4        0x0 app.o

.bss            0x0000000020000000        0x0
 *(.bss*)
 .bss           0x0000000020000000        0x0 app.o
 .bss           0x0000000020000000        0x0 startup.o
LOAD app.o
LOAD startup.o
OUTPUT(learn-in-depth-stm.elf elf32-littlearm)

.debug_info     0x0000000000000000      0x175
 .debug_info    0x0000000000000000      0x14f app.o
 .debug_info    0x000000000000014f       0x26 startup.o

.debug_abbrev   0x0000000000000000       0xf2
 .debug_abbrev  0x0000000000000000       0xde app.o
 .debug_abbrev  0x00000000000000de       0x14 startup.o

.debug_loc      0x0000000000000000       0x38
 .debug_loc     0x0000000000000000       0x38 app.o

.debug_aranges  0x0000000000000000       0x40
 .debug_aranges
                0x0000000000000000       0x20 app.o
 .debug_aranges
                0x0000000000000020       0x20 startup.o

.debug_line     0x0000000000000000      0x21b
 .debug_line    0x0000000000000000      0x1e0 app.o
 .debug_line    0x00000000000001e0       0x3b startup.o

.debug_str      0x0000000000000000      0x15b
 .debug_str     0x0000000000000000      0x143 app.o
                                        0x180 (size before relaxing)
 .debug_str     0x0000000000000143       0x18 startup.o
                                         0x59 (size before relaxing)

.comment        0x0000000000000000       0x7b
 .comment       0x0000000000000000       0x7b app.o
                                         0x7c (size before relaxing)

.ARM.attributes
                0x0000000000000000       0x31
 .ARM.attributes
                0x0000000000000000       0x33 app.o
 .ARM.attributes
                0x0000000000000033       0x21 startup.o

.debug_frame    0x0000000000000000       0x2c
 .debug_frame   0x0000000000000000       0x2c app.o
